// Jest Snapshot v1, https://goo.gl/fbAQLP

exports[`<Nav/> renders a full nav when signed in 1`] = `
<div>
  <ul
    class="NavStyles-sc-1w3lnmx-0 dCxQkF"
  >
    <a
      href="/products"
    >
      Products
    </a>
    <a
      href="/sell"
    >
      Sell 
    </a>
    <a
      href="/orders"
    >
      Orders
    </a>
    <a
      href="/account"
    >
      Account
    </a>
    <button
      data-testid="logOutButton"
      type="button"
    >
      Sign Out
    </button>
    <button
      type="button"
    >
      My Cart
      <span
        class="CartCount__AnimationStyles-sc-1waysp3-1 kgJmyN"
      >
        <div>
          <div
            class="CartCount__Dot-sc-1waysp3-0 cXpbJa count"
          >
            0
          </div>
        </div>
      </span>
    </button>
  </ul>
</div>
`;

exports[`<Nav/> renders a minimal nav when signed out 1`] = `
<div>
  <ul
    class="NavStyles-sc-1w3lnmx-0 dCxQkF"
  >
    <a
      href="/products"
    >
      Products
    </a>
    <a
      href="/signin"
    >
      Sign In
    </a>
  </ul>
</div>
`;
