// Jest Snapshot v1, https://goo.gl/fbAQLP

exports[`<Product/> renders and matches the snapshot 1`] = `
<div>
  <div
    class="ItemStyles-sc-496aoe-0 cEPPbX"
  >
    <img
      alt="dogs are best"
      src="dog.jpg"
    />
    <h3
      class="Title-sc-1v5zspa-0 eMdfOY"
    >
      <a
        href="/product/abc123"
      >
        dogs are best
      </a>
    </h3>
    <span
      class="PriceTag-sc-1w27jzp-0 jxJElQ"
    >
      $50
    </span>
    <p>
      dogs
    </p>
    <div
      class="buttonList"
    >
      <a
        href="/update?id=abc123"
      >
        Edit 🤔🖊️
      </a>
      <button
        type="button"
      >
        Add
         To Cart🛒
      </button>
      <button
        type="button"
      >
        Delete
      </button>
    </div>
  </div>
</div>
`;
